// Jest Snapshot v1, https://goo.gl/fbAQLP

exports[`Login Controller /POST auth/login - should login user1: LoginUser1 1`] = `
{
  "accessToken": "accessToken",
  "expiresIn": 86400000,
  "refreshToken": "refreshToken",
  "tokenType": "Bearer",
}
`;

exports[`Login Controller /POST auth/login - should return an error for a missing permission scope (user2): MissingPermissionScopeUser2 1`] = `
{
  "error": "Forbidden",
  "message": "Forbidden resource",
  "statusCode": 403,
}
`;

exports[`Login Controller /POST auth/login - should return an error for a not existing username: LoginNotExistingUserError 1`] = `
{
  "message": "Unauthorized",
  "statusCode": 401,
}
`;

exports[`Login Controller /POST auth/login - should return an error for a wrong password: LoginWrongPasswordError 1`] = `
{
  "message": "Unauthorized",
  "statusCode": 401,
}
`;

exports[`Login Controller /POST auth/login - should throw error for missing password: LoginMissingPasswordError 1`] = `
{
  "message": "Unauthorized",
  "statusCode": 401,
}
`;

exports[`Login Controller /POST auth/login - should throw error for missing username: LoginMissingUsernameError 1`] = `
{
  "message": "Unauthorized",
  "statusCode": 401,
}
`;
